#-----------------------------------------------------------
# Vivado v2020.1 (64-bit)
# SW Build 2902540 on Wed May 27 19:54:49 MDT 2020
# IP Build 2902112 on Wed May 27 22:43:36 MDT 2020
# Start of session at: Sun Mar 21 09:07:17 2021
# Process ID: 8544
# Current directory: C:/Bachelor1/spi/spi_dec
# Command line: vivado.exe -gui_launcher_event rodinguilauncherevent6928 C:\Bachelor1\spi\spi_dec\spi_dec.xpr
# Log file: C:/Bachelor1/spi/spi_dec/vivado.log
# Journal file: C:/Bachelor1/spi/spi_dec\vivado.jou
#-----------------------------------------------------------
start_gui
open_project C:/Bachelor1/spi/spi_dec/spi_dec.xpr
update_compile_order -fileset sources_1
# Disabling source management mode.  This is to allow the top design properties to be set without GUI intervention.
set_property source_mgmt_mode None [current_project]
set_property top tb_sig_synch [get_filesets sim_1]
set_property top_lib xil_defaultlib [get_filesets sim_1]
# Re-enabling previously disabled source management mode.
set_property source_mgmt_mode All [current_project]
update_compile_order -fileset sim_1
launch_simulation
open_wave_config C:/Bachelor1/spi/spi_dec/tb_spi_main_behav.wcfg
source tb_sig_synch.tcl
run 150 us
restart
run 1 us
save_wave_config {C:/Bachelor1/spi/spi_dec/tb_spi_main_behav.wcfg}
close_sim
launch_simulation
open_wave_config C:/Bachelor1/spi/spi_dec/tb_spi_main_behav.wcfg
source tb_sig_synch.tcl
close_sim
launch_simulation
open_wave_config C:/Bachelor1/spi/spi_dec/tb_spi_main_behav.wcfg
source tb_sig_synch.tcl
close_sim
launch_simulation
open_wave_config C:/Bachelor1/spi/spi_dec/tb_spi_main_behav.wcfg
source tb_sig_synch.tcl
save_wave_config {C:/Bachelor1/spi/spi_dec/tb_spi_main_behav.wcfg}
close_sim
launch_simulation
open_wave_config C:/Bachelor1/spi/spi_dec/tb_spi_main_behav.wcfg
source tb_sig_synch.tcl
save_wave_config {C:/Bachelor1/spi/spi_dec/tb_spi_main_behav.wcfg}
save_wave_config {C:/Bachelor1/spi/spi_dec/tb_spi_main_behav.wcfg}
close_sim
reset_run synth_1
launch_runs impl_1 -jobs 4
wait_on_run impl_1
launch_runs impl_1 -to_step write_bitstream -jobs 4
wait_on_run impl_1
